[html.dynamiclayers.net/at/apptex/index.html]
[backblue.gif]
[fade.gif]
[index.html]
[html.dynamiclayers.net/at/apptex/img/favicon.png]
[html.dynamiclayers.net/at/apptex/css/font-awesome.min.css]
[html.dynamiclayers.net/at/apptex/css/themify-icons.css]
[html.dynamiclayers.net/at/apptex/css/elegant-font-icons.css]
[html.dynamiclayers.net/at/apptex/css/elegant-line-icons.css]
[html.dynamiclayers.net/at/apptex/css/bootstrap.min.css]
[html.dynamiclayers.net/at/apptex/css/venobox/venobox.css]
[html.dynamiclayers.net/at/apptex/css/slicknav.min.css]
[html.dynamiclayers.net/at/apptex/css/animate.min.css]
[html.dynamiclayers.net/at/apptex/css/owl.carousel.css]
[html.dynamiclayers.net/at/apptex/css/swiper.min.css]
[html.dynamiclayers.net/at/apptex/css/main.css]
[html.dynamiclayers.net/at/apptex/css/responsive.css]
[html.dynamiclayers.net/at/apptex/js/vendor/modernizr-2.8.3-respond-1.4.2.min.js]
[html.dynamiclayers.net/at/apptex/img/logo-light.png]
[html.dynamiclayers.net/at/apptex/img/logo-dark.png]
[html.dynamiclayers.net/at/apptex/img/appstore.png]
[html.dynamiclayers.net/at/apptex/img/playstore.png]
[html.dynamiclayers.net/at/apptex/img/icon-1.png]
[html.dynamiclayers.net/at/apptex/img/icon-2.png]
[html.dynamiclayers.net/at/apptex/img/icon-3.png]
[html.dynamiclayers.net/at/apptex/img/screenshot-1.jpg]
[html.dynamiclayers.net/at/apptex/img/screenshot-2.jpg]
[html.dynamiclayers.net/at/apptex/img/screenshot-3.jpg]
[html.dynamiclayers.net/at/apptex/img/screenshot-4.jpg]
[html.dynamiclayers.net/at/apptex/img/screenshot-5.jpg]
[html.dynamiclayers.net/at/apptex/img/screenshot-6.jpg]
[html.dynamiclayers.net/at/apptex/img/screenshot-7.jpg]
[html.dynamiclayers.net/at/apptex/img/screenshot-8.jpg]
[html.dynamiclayers.net/at/apptex/img/team-1.jpg]
[html.dynamiclayers.net/at/apptex/img/team-2.jpg]
[html.dynamiclayers.net/at/apptex/img/team-3.jpg]
[html.dynamiclayers.net/at/apptex/img/team-4.jpg]
[html.dynamiclayers.net/at/apptex/img/testi-1.jpg]
[html.dynamiclayers.net/at/apptex/img/testi-2.jpg]
[html.dynamiclayers.net/at/apptex/img/testi-3.jpg]
[html.dynamiclayers.net/at/apptex/img/testi-4.jpg]
[html.dynamiclayers.net/at/apptex/img/sponsor-1.png]
[html.dynamiclayers.net/at/apptex/img/sponsor-2.png]
[html.dynamiclayers.net/at/apptex/img/sponsor-3.png]
[html.dynamiclayers.net/at/apptex/img/sponsor-4.png]
[html.dynamiclayers.net/at/apptex/img/sponsor-5.png]
[html.dynamiclayers.net/at/apptex/img/sponsor-6.png]
[html.dynamiclayers.net/at/apptex/js/vendor/jquery-1.12.4.min.js]
[html.dynamiclayers.net/at/apptex/js/vendor/bootstrap.min.js]
[html.dynamiclayers.net/at/apptex/js/vendor/tether.min.js]
[html.dynamiclayers.net/at/apptex/js/vendor/jquery.counterup.min.js]
[html.dynamiclayers.net/at/apptex/js/vendor/jquery.waypoints.v2.0.3.min.js]
[html.dynamiclayers.net/at/apptex/js/vendor/jquery.slicknav.min.js]
[html.dynamiclayers.net/at/apptex/js/vendor/owl.carousel.min.js]
[html.dynamiclayers.net/at/apptex/js/vendor/swiper.min.js]
[html.dynamiclayers.net/at/apptex/js/vendor/smooth-scroll.min.js]
[html.dynamiclayers.net/at/apptex/js/vendor/venobox.min.js]
[html.dynamiclayers.net/at/apptex/js/vendor/wow.min.js]
[html.dynamiclayers.net/at/apptex/index.html]
[html.dynamiclayers.net/at/apptex/js/main.js]
[html.dynamiclayers.net/at/apptex/fonts/fontawesome-webfont3e6e.eot]
[html.dynamiclayers.net/at/apptex/fonts/fontawesome-webfontd41d.eot]
[html.dynamiclayers.net/at/apptex/fonts/fontawesome-webfont3e6e.woff2]
[html.dynamiclayers.net/at/apptex/fonts/fontawesome-webfont3e6e.woff]
[html.dynamiclayers.net/at/apptex/fonts/fontawesome-webfont3e6e.ttf]
[html.dynamiclayers.net/at/apptex/css/font-awesome.min.css]
[html.dynamiclayers.net/at/apptex/fonts/themify9f24.eot]
[html.dynamiclayers.net/at/apptex/fonts/themifyd41d.eot]
[html.dynamiclayers.net/at/apptex/fonts/fontawesome-webfont3e6e.svg]
[html.dynamiclayers.net/at/apptex/fonts/themify9f24.woff]
[html.dynamiclayers.net/at/apptex/fonts/themify9f24.ttf]
[html.dynamiclayers.net/at/apptex/css/themify-icons.css]
[html.dynamiclayers.net/at/apptex/fonts/themify9f24.svg]
[html.dynamiclayers.net/at/apptex/fonts/ElegantIcons.eot]
[html.dynamiclayers.net/at/apptex/fonts/ElegantIconsd41d.eot]
[html.dynamiclayers.net/at/apptex/fonts/ElegantIcons.woff]
[html.dynamiclayers.net/at/apptex/fonts/ElegantIcons.ttf]
[html.dynamiclayers.net/at/apptex/css/elegant-font-icons.css]
[html.dynamiclayers.net/at/apptex/fonts/et-line.eot]
[html.dynamiclayers.net/at/apptex/fonts/ElegantIcons.svg]
[html.dynamiclayers.net/at/apptex/fonts/et-lined41d.eot]
[html.dynamiclayers.net/at/apptex/fonts/et-line.woff]
[html.dynamiclayers.net/at/apptex/fonts/et-line.ttf]
[html.dynamiclayers.net/at/apptex/css/elegant-line-icons.css]
[html.dynamiclayers.net/at/apptex/css/bootstrap.min.css]
[html.dynamiclayers.net/at/apptex/css/venobox/venobox.css]
[html.dynamiclayers.net/at/apptex/css/slicknav.min.css]
[html.dynamiclayers.net/at/apptex/css/animate.min.css]
[html.dynamiclayers.net/at/apptex/fonts/et-line.svg]
[html.dynamiclayers.net/at/apptex/css/owl.video.play.png]
[html.dynamiclayers.net/at/apptex/css/owl.carousel.css]
[html.dynamiclayers.net/at/apptex/css/swiper.min.css]
[html.dynamiclayers.net/at/apptex/img/hero.jpg]
[html.dynamiclayers.net/at/apptex/img/hero-moc.png]
[html.dynamiclayers.net/at/apptex/img/video.jpg]
[html.dynamiclayers.net/at/apptex/img/bg-shape.png]
[html.dynamiclayers.net/at/apptex/img/feature-moc.png]
[html.dynamiclayers.net/at/apptex/img/bg-pattern.png]
[html.dynamiclayers.net/at/apptex/img/download-moc.png]
[html.dynamiclayers.net/at/apptex/css/main.css]
[html.dynamiclayers.net/at/apptex/css/responsive.css]
[html.dynamiclayers.net/at/apptex/fonts/fontawesome-webfont3e6e.svg]
[html.dynamiclayers.net/at/apptex/fonts/themify9f24.svg]
[html.dynamiclayers.net/at/apptex/fonts/ElegantIcons.svg]
[html.dynamiclayers.net/at/apptex/fonts/et-line.svg]
[html.dynamiclayers.net/at/apptex/css/owl.video.play.html]
